// 重构日志: c3dad2f9
// 重构日志: 89542ce7
// 重构日志: 5096731c
// 重构日志: 5f9e702e
// 同步 ID: 5c4effc6 @ Sat Jul 25 08:11:05 UTC 2026
// 同步 ID: 9e832f4e @ Sun Jul 26 09:10:20 UTC 2026
// 同步 ID: 16f15e39 @ Sun Jul 26 10:53:37 UTC 2026
// 重构日志: 205b6a68
// 重构日志: d33a2c5f
// 重构日志: 5dfd0743
// 同步 ID: 616421d3 @ Wed Jul 29 14:24:54 UTC 2026
// 同步 ID: 7f3295ff @ Thu Jul 30 01:52:56 UTC 2026
// 重构日志: 86371ccb
// 重构日志: 263f71eb
// 重构日志: 4e7afd7e
// 同步 ID: aad56ce6 @ Sat Aug  1 15:42:39 UTC 2026
// 重构日志: c7e4ed74
// 重构日志: 3b5454a8
// 重构日志: 03213095
// 重构日志: 377fc75b
// 重构日志: 6ba1d7a2
// 重构日志: ea528a2a
// 同步 ID: 354abd97 @ Tue Aug  4 07:12:11 UTC 2026
// 重构日志: e4f0a9d7
// 重构日志: 3113b011
// 重构日志: eb6ff711
// 重构日志: fdd4bfbf
// 同步 ID: 9b0f8eff @ Fri Aug  7 10:48:13 UTC 2026
// 重构日志: c0ab6d52
// 同步 ID: 880d9bb7 @ Fri Aug  7 23:51:57 UTC 2026
